// 重构日志: 9fb832ae
// 重构日志: 1a8e50c6
// 重构日志: 1bd16fa0
// 重构日志: 84b0476c
// 同步 ID: 6628cbc3 @ Fri Jul 17 16:32:26 UTC 2026
// 同步 ID: c99bed0b @ Sun Jul 19 00:51:57 UTC 2026
// 重构日志: 260ec0f7
// 同步 ID: d92ddeeb @ Thu Jul 23 08:22:01 UTC 2026
// 同步 ID: 8a99ccc3 @ Fri Jul 24 18:07:18 UTC 2026
// 同步 ID: bba4ab4f @ Sat Jul 25 20:15:35 UTC 2026
// 重构日志: 0270e3ba
// 同步 ID: a40d567e @ Fri Jul 31 16:08:18 UTC 2026
// 同步 ID: 9af267d7 @ Sat Aug  1 07:07:23 UTC 2026
// 同步 ID: b9cd172d @ Sun Aug  2 00:04:30 UTC 2026
// 重构日志: cef2acc3
// 重构日志: e553a0ab
// 同步 ID: 6561d1c3 @ Mon Aug  3 23:13:58 UTC 2026
// 重构日志: fc42328e
// 重构日志: 8cb8072d
// 重构日志: 850a3fd7
// 同步 ID: e93a1619 @ Fri Aug  7 15:52:55 UTC 2026
// 同步 ID: e33c79c6 @ Sat Aug  8 06:09:13 UTC 2026
// 同步 ID: a0d87f65 @ Sat Aug  8 07:36:26 UTC 2026
